current directory: C:/Users/KIIT/Desktop/File/Ruby/Internship/Day02_RailsApp/dbase/vendor/bundle/ruby/3.4.0/gems/ed25519-1.4.0/ext/ed25519_ref10
C:/Ruby34-x64/bin/ruby.exe extconf.rb
checking for whether -Wall is accepted as CFLAGS... yes
checking for whether -O3 is accepted as CFLAGS... yes
checking for whether -pedantic is accepted as CFLAGS... yes
checking for whether -std=c99 is accepted as CFLAGS... no
creating Makefile

current directory: C:/Users/KIIT/Desktop/File/Ruby/Internship/Day02_RailsApp/dbase/vendor/bundle/ruby/3.4.0/gems/ed25519-1.4.0/ext/ed25519_ref10
make -j9 DESTDIR\= sitearchdir\=./.gem.20260220-18140-t10fcl sitelibdir\=./.gem.20260220-18140-t10fcl clean

current directory: C:/Users/KIIT/Desktop/File/Ruby/Internship/Day02_RailsApp/dbase/vendor/bundle/ruby/3.4.0/gems/ed25519-1.4.0/ext/ed25519_ref10
make -j9 DESTDIR\= sitearchdir\=./.gem.20260220-18140-t10fcl sitelibdir\=./.gem.20260220-18140-t10fcl
generating ed25519_ref10-x64-mingw-ucrt.def
compiling ed25519_ref10.c
compiling fe.c
compiling ge.c
compiling keypair.c
compiling open.c
compiling sc_muladd.c
compiling sc_reduce.c
compiling sha512.c
compiling sign.c
compiling verify.c
linking shared-object ed25519_ref10.so

current directory: C:/Users/KIIT/Desktop/File/Ruby/Internship/Day02_RailsApp/dbase/vendor/bundle/ruby/3.4.0/gems/ed25519-1.4.0/ext/ed25519_ref10
make -j9 DESTDIR\= sitearchdir\=./.gem.20260220-18140-t10fcl sitelibdir\=./.gem.20260220-18140-t10fcl install
/usr/bin/install -c -m 0755 ed25519_ref10.so ./.gem.20260220-18140-t10fcl

current directory: C:/Users/KIIT/Desktop/File/Ruby/Internship/Day02_RailsApp/dbase/vendor/bundle/ruby/3.4.0/gems/ed25519-1.4.0/ext/ed25519_ref10
make DESTDIR\= sitearchdir\=./.gem.20260220-18140-t10fcl sitelibdir\=./.gem.20260220-18140-t10fcl clean
